BL51 BANKED LINKER/LOCATER V6.22.2.0                                                    12/23/2018  23:09:22  PAGE 1


BL51 BANKED LINKER/LOCATER V6.22.2.0, INVOKED BY:
C:\KEIL_V5\C51\BIN\BL51.EXE 1.obj TO 1 RAMSIZE (256)


MEMORY MODEL: SMALL


INPUT MODULES INCLUDED:
  1.obj (1)
  C:\KEIL_V5\C51\LIB\C51S.LIB (?C_STARTUP)
  C:\KEIL_V5\C51\LIB\C51S.LIB (?C?CLDPTR)
  C:\KEIL_V5\C51\LIB\C51S.LIB (?C?IMUL)


LINK MAP OF MODULE:  1 (1)


            TYPE    BASE      LENGTH    RELOCATION   SEGMENT NAME
            -----------------------------------------------------

            * * * * * * *   D A T A   M E M O R Y   * * * * * * *
            REG     0000H     0008H     ABSOLUTE     "REG BANK 0"
            DATA    0008H     0003H     UNIT         ?DT?_SENDSTRING?1
                    000BH     0015H                  *** GAP ***
            BIT     0020H.0   0000H.1   UNIT         ?BI?1
                    0020H.1   0000H.7                *** GAP ***
            IDATA   0021H     0001H     UNIT         ?STACK

            * * * * * * *   C O D E   M E M O R Y   * * * * * * *
            CODE    0000H     0003H     ABSOLUTE     
            CODE    0003H     001DH     UNIT         ?PR?MAIN?1
                    0020H     0003H                  *** GAP ***
            CODE    0023H     0003H     ABSOLUTE     
            CODE    0026H     0039H     UNIT         ?PR?_DELAYMS?1
            CODE    005FH     002BH     UNIT         ?C?LIB_CODE
            CODE    008AH     0025H     UNIT         ?PR?_SENDSTRING?1
            CODE    00AFH     0018H     UNIT         ?PR?UART_ISR?1
            CODE    00C7H     0012H     UNIT         ?PR?_SENDDATA?1
            CODE    00D9H     0011H     UNIT         ?PR?TIMER0INIT?1
            CODE    00EAH     000EH     UNIT         ?PR?DELAY1000MS?1
            CODE    00F8H     000CH     UNIT         ?C_C51STARTUP



OVERLAY MAP OF MODULE:   1 (1)


SEGMENT
  +--> CALLED SEGMENT
---------------------
?C_C51STARTUP
  +--> ?PR?MAIN?1

?PR?MAIN?1
  +--> ?PR?TIMER0INIT?1
  +--> ?PR?DELAY1000MS?1


BL51 BANKED LINKER/LOCATER V6.22.2.0                                                  12/23/2018  23:09:22  PAGE 2



SYMBOL TABLE OF MODULE:  1 (1)

  VALUE           TYPE          NAME
  ----------------------------------

  -------         MODULE        1
  C:0000H         SYMBOL        _ICE_DUMMY_
  D:0080H         PUBLIC        P0
  D:00A0H         PUBLIC        P2
  B:00A8H.7       PUBLIC        EA
  C:008AH         PUBLIC        _SendString
  C:00C7H         PUBLIC        _SendData
  C:00EAH         PUBLIC        Delay1000ms
  B:00A8H.4       PUBLIC        ES
  B:0098H.0       PUBLIC        RI
  B:0098H.1       PUBLIC        TI
  C:0003H         PUBLIC        main
  C:00AFH         PUBLIC        Uart_Isr
  D:0099H         PUBLIC        SBUF
  D:0098H         PUBLIC        SCON
  D:0089H         PUBLIC        TMOD
  B:0020H.0       PUBLIC        busy
  D:00E0H         PUBLIC        ACC
  B:0088H.5       PUBLIC        TF0
  C:00D9H         PUBLIC        Timer0Init
  B:0098H.2       PUBLIC        RB8
  D:008CH         PUBLIC        TH0
  D:008DH         PUBLIC        TH1
  B:0098H.3       PUBLIC        TB8
  B:00D0H.0       PUBLIC        P
  D:008AH         PUBLIC        TL0
  D:008BH         PUBLIC        TL1
  C:0026H         PUBLIC        _Delayms
  B:0088H.4       PUBLIC        TR0
  B:0088H.6       PUBLIC        TR1
  B:00A0H.2       PUBLIC        bit9
  -------         PROC          _DELAYMS
  D:0006H         SYMBOL        nms
  -------         DO            
  D:0006H         SYMBOL        n100us
  D:0003H         SYMBOL        count
  -------         ENDDO         
  C:0026H         LINE#         34
  C:0026H         LINE#         35
  C:0026H         LINE#         38
  C:0028H         LINE#         39
  C:002AH         LINE#         40
  C:0030H         LINE#         41
  C:003AH         LINE#         42
  C:003AH         LINE#         43
  C:0046H         LINE#         44
  C:0046H         LINE#         45
  C:0049H         LINE#         46
  C:004BH         LINE#         47
  C:004CH         LINE#         48
  C:004EH         LINE#         49
BL51 BANKED LINKER/LOCATER V6.22.2.0                                                  12/23/2018  23:09:22  PAGE 3


  C:0050H         LINE#         50
  C:0052H         LINE#         51
  C:0054H         LINE#         53
  C:0054H         LINE#         54
  C:0057H         LINE#         55
  C:0059H         LINE#         56
  C:0059H         LINE#         57
  C:005AH         LINE#         58
  C:005CH         LINE#         59
  C:005EH         LINE#         60
  -------         ENDPROC       _DELAYMS
  -------         PROC          DELAY1000MS
  -------         DO            
  D:0007H         SYMBOL        i
  D:0006H         SYMBOL        j
  D:0005H         SYMBOL        k
  -------         ENDDO         
  C:00EAH         LINE#         61
  C:00EAH         LINE#         62
  C:00EAH         LINE#         65
  C:00EBH         LINE#         66
  C:00EDH         LINE#         67
  C:00EFH         LINE#         68
  C:00F1H         LINE#         70
  C:00F1H         LINE#         72
  C:00F1H         LINE#         73
  C:00F3H         LINE#         74
  C:00F5H         LINE#         75
  C:00F7H         LINE#         76
  -------         ENDPROC       DELAY1000MS
  -------         PROC          TIMER0INIT
  C:00D9H         LINE#         79
  C:00D9H         LINE#         80
  C:00D9H         LINE#         81
  C:00DBH         LINE#         82
  C:00DEH         LINE#         83
  C:00E1H         LINE#         84
  C:00E4H         LINE#         85
  C:00E7H         LINE#         86
  C:00E9H         LINE#         87
  -------         ENDPROC       TIMER0INIT
  -------         PROC          MAIN
  C:0003H         LINE#         89
  C:0003H         LINE#         90
  C:0003H         LINE#         94
  C:0006H         LINE#         99
  C:0009H         LINE#         100
  C:000FH         LINE#         101
  C:0011H         LINE#         102
  C:0013H         LINE#         103
  C:0015H         LINE#         104
  C:0018H         LINE#         105
  C:0018H         LINE#         106
  C:0018H         LINE#         107
  C:001BH         LINE#         108
  C:001EH         LINE#         109
  -------         ENDPROC       MAIN
BL51 BANKED LINKER/LOCATER V6.22.2.0                                                  12/23/2018  23:09:22  PAGE 4


  -------         PROC          UART_ISR
  C:00AFH         LINE#         116
  C:00B1H         LINE#         118
  C:00B4H         LINE#         119
  C:00B4H         LINE#         120
  C:00B6H         LINE#         121
  C:00B9H         LINE#         122
  C:00BDH         LINE#         123
  C:00BDH         LINE#         124
  C:00C0H         LINE#         125
  C:00C0H         LINE#         126
  C:00C2H         LINE#         127
  C:00C4H         LINE#         128
  C:00C4H         LINE#         129
  -------         ENDPROC       UART_ISR
  -------         PROC          _SENDDATA
  D:0007H         SYMBOL        dat
  C:00C7H         LINE#         136
  C:00C7H         LINE#         137
  C:00C7H         LINE#         138
  C:00CAH         LINE#         139
  C:00CBH         LINE#         140
  C:00CEH         LINE#         141
  C:00CEH         LINE#         145
  C:00D0H         LINE#         147
  C:00D2H         LINE#         149
  C:00D2H         LINE#         153
  C:00D4H         LINE#         155
  C:00D4H         LINE#         156
  C:00D6H         LINE#         157
  C:00D8H         LINE#         158
  -------         ENDPROC       _SENDDATA
  -------         PROC          _SENDSTRING
  D:0008H         SYMBOL        s
  C:008AH         LINE#         165
  C:0090H         LINE#         166
  C:0090H         LINE#         167
  C:009BH         LINE#         168
  C:009BH         LINE#         169
  C:00ACH         LINE#         170
  C:00AEH         LINE#         171
  -------         ENDPROC       _SENDSTRING
  -------         ENDMOD        1

  -------         MODULE        ?C?CLDPTR
  C:005FH         PUBLIC        ?C?CLDPTR
  -------         ENDMOD        ?C?CLDPTR

  -------         MODULE        ?C?IMUL
  C:0078H         PUBLIC        ?C?IMUL
  -------         ENDMOD        ?C?IMUL

*** WARNING L16: UNCALLED SEGMENT, IGNORED FOR OVERLAY PROCESS
    SEGMENT: ?PR?_DELAYMS?1

*** WARNING L16: UNCALLED SEGMENT, IGNORED FOR OVERLAY PROCESS
    SEGMENT: ?PR?_SENDSTRING?1
BL51 BANKED LINKER/LOCATER V6.22.2.0                                                  12/23/2018  23:09:22  PAGE 5



Program Size: data=12.1 xdata=0 code=257
LINK/LOCATE RUN COMPLETE.  2 WARNING(S),  0 ERROR(S)
