BL51 BANKED LINKER/LOCATER V6.22.2.0                                                    12/23/2018  23:09:28  PAGE 1


BL51 BANKED LINKER/LOCATER V6.22.2.0, INVOKED BY:
C:\KEIL_V5\C51\BIN\BL51.EXE 1.obj TO 1 RAMSIZE (256)


MEMORY MODEL: SMALL


INPUT MODULES INCLUDED:
  1.obj (1)
  C:\KEIL_V5\C51\LIB\C51S.LIB (?C_STARTUP)
  C:\KEIL_V5\C51\LIB\C51S.LIB (?C?CLDPTR)


LINK MAP OF MODULE:  1 (1)


            TYPE    BASE      LENGTH    RELOCATION   SEGMENT NAME
            -----------------------------------------------------

            * * * * * * *   D A T A   M E M O R Y   * * * * * * *
            REG     0000H     0008H     ABSOLUTE     "REG BANK 0"
            IDATA   0008H     0001H     UNIT         ?STACK

            * * * * * * *   C O D E   M E M O R Y   * * * * * * *
            CODE    0000H     0003H     ABSOLUTE     
            CODE    0003H     0021H     UNIT         ?PR?MAIN?1
            CODE    0024H     0019H     UNIT         ?C?LIB_CODE
            CODE    003DH     0016H     UNIT         ?PR?_SENDSTRING?1
            CODE    0053H     0012H     UNIT         ?PR?_DELAY1MS?1
            CODE    0065H     0011H     UNIT         ?PR?TIMER0INIT?1
            CODE    0076H     000EH     UNIT         ?PR?DELAY1000MS?1
            CODE    0084H     000EH     UNIT         ?PR?DELAY1000MS2?1
            CODE    0092H     000CH     UNIT         ?C_C51STARTUP



OVERLAY MAP OF MODULE:   1 (1)


SEGMENT
  +--> CALLED SEGMENT
---------------------
?C_C51STARTUP
  +--> ?PR?MAIN?1

?PR?MAIN?1
  +--> ?PR?TIMER0INIT?1
  +--> ?PR?_DELAY1MS?1



SYMBOL TABLE OF MODULE:  1 (1)

  VALUE           TYPE          NAME
  ----------------------------------

  -------         MODULE        1
  C:0000H         SYMBOL        _ICE_DUMMY_
BL51 BANKED LINKER/LOCATER V6.22.2.0                                                  12/23/2018  23:09:28  PAGE 2


  D:00A0H         PUBLIC        P2
  C:0053H         PUBLIC        _Delay1ms
  B:00A8H.7       PUBLIC        EA
  C:003DH         PUBLIC        _SendString
  C:0076H         PUBLIC        Delay1000ms
  B:00A8H.4       PUBLIC        ES
  B:0098H.1       PUBLIC        TI
  C:0003H         PUBLIC        main
  D:0099H         PUBLIC        SBUF
  D:0098H         PUBLIC        SCON
  D:0089H         PUBLIC        TMOD
  C:0084H         PUBLIC        Delay1000ms2
  B:0088H.5       PUBLIC        TF0
  C:0065H         PUBLIC        Timer0Init
  D:008CH         PUBLIC        TH0
  D:008DH         PUBLIC        TH1
  D:008AH         PUBLIC        TL0
  D:008BH         PUBLIC        TL1
  B:0088H.4       PUBLIC        TR0
  B:0088H.6       PUBLIC        TR1
  -------         PROC          DELAY1000MS
  -------         DO            
  D:0007H         SYMBOL        i
  D:0006H         SYMBOL        j
  D:0005H         SYMBOL        k
  -------         ENDDO         
  C:0076H         LINE#         18
  C:0076H         LINE#         19
  C:0076H         LINE#         21
  C:0077H         LINE#         22
  C:0079H         LINE#         23
  C:007BH         LINE#         24
  C:007DH         LINE#         26
  C:007DH         LINE#         28
  C:007DH         LINE#         29
  C:007FH         LINE#         30
  C:0081H         LINE#         31
  C:0083H         LINE#         32
  -------         ENDPROC       DELAY1000MS
  -------         PROC          DELAY1000MS2
  -------         DO            
  D:0007H         SYMBOL        i
  D:0006H         SYMBOL        j
  D:0005H         SYMBOL        k
  -------         ENDDO         
  C:0084H         LINE#         34
  C:0084H         LINE#         35
  C:0084H         LINE#         38
  C:0085H         LINE#         39
  C:0087H         LINE#         40
  C:0089H         LINE#         41
  C:008BH         LINE#         43
  C:008BH         LINE#         45
  C:008BH         LINE#         46
  C:008DH         LINE#         47
  C:008FH         LINE#         48
  C:0091H         LINE#         49
BL51 BANKED LINKER/LOCATER V6.22.2.0                                                  12/23/2018  23:09:28  PAGE 3


  -------         ENDPROC       DELAY1000MS2
  -------         PROC          _DELAY1MS
  D:0006H         SYMBOL        nms
  -------         DO            
  D:0005H         SYMBOL        i
  D:0004H         SYMBOL        j
  -------         ENDDO         
  C:0053H         LINE#         52
  C:0053H         LINE#         53
  C:0053H         LINE#         56
  C:0053H         LINE#         57
  C:0055H         LINE#         58
  C:0057H         LINE#         60
  C:0057H         LINE#         61
  C:0059H         LINE#         62
  C:005BH         LINE#         63
  C:0064H         LINE#         66
  -------         ENDPROC       _DELAY1MS
  -------         PROC          TIMER0INIT
  C:0065H         LINE#         68
  C:0065H         LINE#         69
  C:0065H         LINE#         70
  C:0068H         LINE#         71
  C:006BH         LINE#         72
  C:006EH         LINE#         73
  C:0071H         LINE#         74
  C:0073H         LINE#         75
  C:0075H         LINE#         76
  -------         ENDPROC       TIMER0INIT
  -------         PROC          _SENDSTRING
  D:0001H         SYMBOL        s
  C:003DH         LINE#         79
  C:003DH         LINE#         80
  C:003DH         LINE#         81
  C:0042H         LINE#         82
  C:0042H         LINE#         83
  C:0044H         LINE#         84
  C:004BH         LINE#         85
  C:004EH         LINE#         86
  C:0050H         LINE#         87
  C:0052H         LINE#         88
  -------         ENDPROC       _SENDSTRING
  -------         PROC          MAIN
  C:0003H         LINE#         90
  C:0003H         LINE#         91
  C:0003H         LINE#         92
  C:0006H         LINE#         93
  C:0009H         LINE#         94
  C:000FH         LINE#         95
  C:0011H         LINE#         96
  C:0013H         LINE#         97
  C:0015H         LINE#         98
  C:0018H         LINE#         99
  C:0018H         LINE#         100
  C:0018H         LINE#         101
  C:001FH         LINE#         103
  C:0022H         LINE#         104
BL51 BANKED LINKER/LOCATER V6.22.2.0                                                  12/23/2018  23:09:28  PAGE 4


  -------         ENDPROC       MAIN
  -------         ENDMOD        1

  -------         MODULE        ?C?CLDPTR
  C:0024H         PUBLIC        ?C?CLDPTR
  -------         ENDMOD        ?C?CLDPTR

*** WARNING L16: UNCALLED SEGMENT, IGNORED FOR OVERLAY PROCESS
    SEGMENT: ?PR?DELAY1000MS?1

*** WARNING L16: UNCALLED SEGMENT, IGNORED FOR OVERLAY PROCESS
    SEGMENT: ?PR?DELAY1000MS2?1

*** WARNING L16: UNCALLED SEGMENT, IGNORED FOR OVERLAY PROCESS
    SEGMENT: ?PR?_SENDSTRING?1

Program Size: data=9.0 xdata=0 code=158
LINK/LOCATE RUN COMPLETE.  3 WARNING(S),  0 ERROR(S)
