C51 COMPILER V9.59.0.0   MAIN                                                              12/10/2018 20:41:35 PAGE 1   


C51 COMPILER V9.59.0.0, COMPILATION OF MODULE MAIN
OBJECT MODULE PLACED IN .\output\main.obj
COMPILER INVOKED BY: C:\Keil_v5_2\C51\BIN\C51.EXE main.c LARGE OPTIMIZE(8,SPEED) BROWSE INCDIR(.\LCD) DEBUG OBJECTEXTEND
                    - TABS(2) OBJECT(.\output\main.obj)

line level    source

   1          
   2          #include<STC15W.h>
   3          #include "kfm010b11.H"
   4          
   5          /************************Ö÷³ÌÐò*******************************************************/
   6          
   7          void  main()
   8          {
   9   1        init_kfm010b11();
  10   1        Print_a_Ascii8x5("hello world",1,12);
*** WARNING C214 IN LINE 10 OF main.c: 'Argument': conversion: pointer to non-pointer
  11   1        test_sendByte(0,0);
  12   1      }


MODULE INFORMATION:   STATIC OVERLAYABLE
   CODE SIZE        =     18    ----
   CONSTANT SIZE    =     12    ----
   XDATA SIZE       =   ----    ----
   PDATA SIZE       =   ----    ----
   DATA SIZE        =   ----    ----
   IDATA SIZE       =   ----    ----
   BIT SIZE         =   ----    ----
END OF MODULE INFORMATION.


C51 COMPILATION COMPLETE.  1 WARNING(S),  0 ERROR(S)
