C51 COMPILER V9.59.0.0   LED                                                               12/04/2018 20:25:13 PAGE 1   


C51 COMPILER V9.59.0.0, COMPILATION OF MODULE LED
OBJECT MODULE PLACED IN .\Output\Led.obj
COMPILER INVOKED BY: C:\Keil_v5\C51\BIN\C51.EXE Code\Led.c OPTIMIZE(7,SPEED) REGFILE(.\Output\PWM.ORC) BROWSE INCDIR(..\
                    -Include;..\Common;..\Startup;.\Code) DEFINE(FOSC_160000) DEBUG OBJECTEXTEND PRINT(.\LST\Led.lst) TABS(2) OBJECT(.\Output
                    -\Led.obj)

line level    source

   1          /*Commond Control Of Led */
   2          
   3          #include "Led.h"
   4          #include "N76E003.h"
   5          #include "SFR_Macro.h"
   6          #include "Function_Define.h"
   7          
   8          #define LED_Vertical_Pin   P03
   9          #define LED_Horizontal_Pin P04
  10          #define LED_OOL_Pin        P01
  11          #define LED_LOCK_Pin       P00
  12          
  13          //LED初始化，准双向模式
  14          void LED_Init()
  15          {
  16   1        P00_Quasi_Mode;
  17   1        P01_Quasi_Mode;
  18   1        P03_Quasi_Mode;
  19   1        P04_Quasi_Mode;
  20   1      }
  21          
  22          //点亮LED
  23          void Led_On(LED_Type LED)
  24          {
  25   1        switch(LED)
  26   1        {
  27   2          case LED_Vertical : LED_Horizontal_Pin=0; break;
  28   2          case LED_Horizontal:LED_Horizontal_Pin=0;break;
  29   2          case LED_Lock:      LED_LOCK_Pin=0;break;
  30   2          case LED_OOL:       LED_OOL_Pin=0;break;
  31   2        }
  32   1      }
  33          
  34          //关闭LED
  35          void Led_Off(LED_Type LED)
  36          {
  37   1        switch(LED)
  38   1        {
  39   2          case LED_Vertical : LED_Horizontal_Pin=1; break;
  40   2          case LED_Horizontal:LED_Horizontal_Pin=1;break;
  41   2          case LED_Lock:      LED_LOCK_Pin=1;break;
  42   2          case LED_OOL:       LED_OOL_Pin=1;break;
  43   2        }
  44   1      }


MODULE INFORMATION:   STATIC OVERLAYABLE
   CODE SIZE        =     77    ----
   CONSTANT SIZE    =   ----    ----
   XDATA SIZE       =   ----    ----
   PDATA SIZE       =   ----    ----
   DATA SIZE        =   ----    ----
   IDATA SIZE       =   ----    ----
C51 COMPILER V9.59.0.0   LED                                                               12/04/2018 20:25:13 PAGE 2   

   BIT SIZE         =   ----    ----
END OF MODULE INFORMATION.


C51 COMPILATION COMPLETE.  0 WARNING(S),  0 ERROR(S)
